﻿
> radareleitoral@0.0.0 build
> vite build

[36mvite v7.3.1 [32mbuilding client environment for production...[36m[39m
transforming...
[32mÔ£ô[39m 27 modules transformed.
node.exe : [31mÔ£ù[39m Build failed in 344ms
At line:1 char:1
+ & "C:\Program Files\nodejs/node.exe" 
"C:\Program Files\nodejs/node_mo ...
+ ~~~~~~~~~~~~~~~~~~~~~~~~~~~~~~~~~~~~~~~~~~~~
~~~~~~~~~~~~~~~~~~~~~~~~~
    + CategoryInfo          : NotSpecified: ( 
   [31mÔ£ù[39m Build failed in 344ms:Strin  
  g) [], RemoteException
    + FullyQualifiedErrorId : NativeCommandEr 
   ror
 
[31merror during build:
[31msrc/lib/utils.js (1:20): Expected ',', 
got 'ident'[31m
file: [36mC:/Users/brodr/Desktop/radareleitor
al/src/lib/utils.js:1:20[31m
[33m
1: import { clsx, type ClassValue } from 
'clsx';
                       ^
2: import { twMerge } from 'tailwind-merge';
[31m
    at getRollupError (file:///C:/Users/brodr/
Desktop/radareleitoral/node_modules/rollup/dis
t/es/shared/parseAst.js:402:41)
    at ParseError.initialise (file:///C:/Users
/brodr/Desktop/radareleitoral/node_modules/rol
lup/dist/es/shared/node-entry.js:14465:28)
    at convertNode (file:///C:/Users/brodr/Des
ktop/radareleitoral/node_modules/rollup/dist/e
s/shared/node-entry.js:16437:10)
    at convertProgram (file:///C:/Users/brodr/
Desktop/radareleitoral/node_modules/rollup/dis
t/es/shared/node-entry.js:15677:12)
    at Module.setSource (file:///C:/Users/brod
r/Desktop/radareleitoral/node_modules/rollup/d
ist/es/shared/node-entry.js:17392:24)
    at async ModuleLoader.addModuleSource (fil
e:///C:/Users/brodr/Desktop/radareleitoral/nod
e_modules/rollup/dist/es/shared/node-entry.js:
21497:13)[39m
